Analysis & Synthesis report for cpu
Sat Dec 17 14:35:47 2022
Quartus Prime Version 22.1std.0 Build 915 10/25/2022 SC Lite Edition


---------------------
; Table of Contents ;
---------------------
  1. Legal Notice
  2. Analysis & Synthesis Summary
  3. Analysis & Synthesis Settings
  4. Parallel Compilation
  5. Analysis & Synthesis Source Files Read
  6. Analysis & Synthesis Resource Usage Summary
  7. Analysis & Synthesis Resource Utilization by Entity
  8. State Machine - |cpu|state
  9. Registers Removed During Synthesis
 10. General Register Statistics
 11. Multiplexer Restructuring Statistics (Restructuring Performed)
 12. Parameter Settings for User Entity Instance: Top-level Entity: |cpu
 13. Post-Synthesis Netlist Statistics for Top Partition
 14. Elapsed Time Per Partition
 15. Analysis & Synthesis Messages



----------------
; Legal Notice ;
----------------
Copyright (C) 2022  Intel Corporation. All rights reserved.
Your use of Intel Corporation's design tools, logic functions 
and other software and tools, and any partner logic 
functions, and any output files from any of the foregoing 
(including device programming or simulation files), and any 
associated documentation or information are expressly subject 
to the terms and conditions of the Intel Program License 
Subscription Agreement, the Intel Quartus Prime License Agreement,
the Intel FPGA IP License Agreement, or other applicable license
agreement, including, without limitation, that your use is for
the sole purpose of programming logic devices manufactured by
Intel and sold by Intel or its authorized distributors.  Please
refer to the applicable agreement for further details, at
https://fpgasoftware.intel.com/eula.



+----------------------------------------------------------------------------------+
; Analysis & Synthesis Summary                                                     ;
+---------------------------------+------------------------------------------------+
; Analysis & Synthesis Status     ; Successful - Sat Dec 17 14:35:47 2022          ;
; Quartus Prime Version           ; 22.1std.0 Build 915 10/25/2022 SC Lite Edition ;
; Revision Name                   ; cpu                                            ;
; Top-level Entity Name           ; cpu                                            ;
; Family                          ; Cyclone V                                      ;
; Logic utilization (in ALMs)     ; N/A                                            ;
; Total registers                 ; 187                                            ;
; Total pins                      ; 38                                             ;
; Total virtual pins              ; 0                                              ;
; Total block memory bits         ; 0                                              ;
; Total DSP Blocks                ; 0                                              ;
; Total HSSI RX PCSs              ; 0                                              ;
; Total HSSI PMA RX Deserializers ; 0                                              ;
; Total HSSI TX PCSs              ; 0                                              ;
; Total HSSI PMA TX Serializers   ; 0                                              ;
; Total PLLs                      ; 0                                              ;
; Total DLLs                      ; 0                                              ;
+---------------------------------+------------------------------------------------+


+---------------------------------------------------------------------------------------------------------------------------+
; Analysis & Synthesis Settings                                                                                             ;
+---------------------------------------------------------------------------------+--------------------+--------------------+
; Option                                                                          ; Setting            ; Default Value      ;
+---------------------------------------------------------------------------------+--------------------+--------------------+
; Device                                                                          ; 5CSEBA6U23I7       ;                    ;
; Top-level entity name                                                           ; cpu                ; cpu                ;
; Family name                                                                     ; Cyclone V          ; Cyclone V          ;
; Use smart compilation                                                           ; Off                ; Off                ;
; Enable parallel Assembler and Timing Analyzer during compilation                ; On                 ; On                 ;
; Enable compact report table                                                     ; Off                ; Off                ;
; Restructure Multiplexers                                                        ; Auto               ; Auto               ;
; MLAB Add Timing Constraints For Mixed-Port Feed-Through Mode Setting Don't Care ; Off                ; Off                ;
; Create Debugging Nodes for IP Cores                                             ; Off                ; Off                ;
; Preserve fewer node names                                                       ; On                 ; On                 ;
; Intel FPGA IP Evaluation Mode                                                   ; Enable             ; Enable             ;
; Verilog Version                                                                 ; Verilog_2001       ; Verilog_2001       ;
; VHDL Version                                                                    ; VHDL_1993          ; VHDL_1993          ;
; State Machine Processing                                                        ; Auto               ; Auto               ;
; Safe State Machine                                                              ; Off                ; Off                ;
; Extract Verilog State Machines                                                  ; On                 ; On                 ;
; Extract VHDL State Machines                                                     ; On                 ; On                 ;
; Ignore Verilog initial constructs                                               ; Off                ; Off                ;
; Iteration limit for constant Verilog loops                                      ; 5000               ; 5000               ;
; Iteration limit for non-constant Verilog loops                                  ; 250                ; 250                ;
; Add Pass-Through Logic to Inferred RAMs                                         ; On                 ; On                 ;
; Infer RAMs from Raw Logic                                                       ; On                 ; On                 ;
; Parallel Synthesis                                                              ; On                 ; On                 ;
; DSP Block Balancing                                                             ; Auto               ; Auto               ;
; NOT Gate Push-Back                                                              ; On                 ; On                 ;
; Power-Up Don't Care                                                             ; On                 ; On                 ;
; Remove Redundant Logic Cells                                                    ; Off                ; Off                ;
; Remove Duplicate Registers                                                      ; On                 ; On                 ;
; Ignore CARRY Buffers                                                            ; Off                ; Off                ;
; Ignore CASCADE Buffers                                                          ; Off                ; Off                ;
; Ignore GLOBAL Buffers                                                           ; Off                ; Off                ;
; Ignore ROW GLOBAL Buffers                                                       ; Off                ; Off                ;
; Ignore LCELL Buffers                                                            ; Off                ; Off                ;
; Ignore SOFT Buffers                                                             ; On                 ; On                 ;
; Limit AHDL Integers to 32 Bits                                                  ; Off                ; Off                ;
; Optimization Technique                                                          ; Balanced           ; Balanced           ;
; Carry Chain Length                                                              ; 70                 ; 70                 ;
; Auto Carry Chains                                                               ; On                 ; On                 ;
; Auto Open-Drain Pins                                                            ; On                 ; On                 ;
; Perform WYSIWYG Primitive Resynthesis                                           ; Off                ; Off                ;
; Auto ROM Replacement                                                            ; On                 ; On                 ;
; Auto RAM Replacement                                                            ; On                 ; On                 ;
; Auto DSP Block Replacement                                                      ; On                 ; On                 ;
; Auto Shift Register Replacement                                                 ; Auto               ; Auto               ;
; Allow Shift Register Merging across Hierarchies                                 ; Auto               ; Auto               ;
; Auto Clock Enable Replacement                                                   ; On                 ; On                 ;
; Strict RAM Replacement                                                          ; Off                ; Off                ;
; Allow Synchronous Control Signals                                               ; On                 ; On                 ;
; Force Use of Synchronous Clear Signals                                          ; Off                ; Off                ;
; Auto Resource Sharing                                                           ; Off                ; Off                ;
; Allow Any RAM Size For Recognition                                              ; Off                ; Off                ;
; Allow Any ROM Size For Recognition                                              ; Off                ; Off                ;
; Allow Any Shift Register Size For Recognition                                   ; Off                ; Off                ;
; Use LogicLock Constraints during Resource Balancing                             ; On                 ; On                 ;
; Ignore translate_off and synthesis_off directives                               ; Off                ; Off                ;
; Timing-Driven Synthesis                                                         ; On                 ; On                 ;
; Report Parameter Settings                                                       ; On                 ; On                 ;
; Report Source Assignments                                                       ; On                 ; On                 ;
; Report Connectivity Checks                                                      ; On                 ; On                 ;
; Ignore Maximum Fan-Out Assignments                                              ; Off                ; Off                ;
; Synchronization Register Chain Length                                           ; 3                  ; 3                  ;
; Power Optimization During Synthesis                                             ; Normal compilation ; Normal compilation ;
; HDL message level                                                               ; Level2             ; Level2             ;
; Suppress Register Optimization Related Messages                                 ; Off                ; Off                ;
; Number of Removed Registers Reported in Synthesis Report                        ; 5000               ; 5000               ;
; Number of Swept Nodes Reported in Synthesis Report                              ; 5000               ; 5000               ;
; Number of Inverted Registers Reported in Synthesis Report                       ; 100                ; 100                ;
; Clock MUX Protection                                                            ; On                 ; On                 ;
; Auto Gated Clock Conversion                                                     ; Off                ; Off                ;
; Block Design Naming                                                             ; Auto               ; Auto               ;
; SDC constraint protection                                                       ; Off                ; Off                ;
; Synthesis Effort                                                                ; Auto               ; Auto               ;
; Shift Register Replacement - Allow Asynchronous Clear Signal                    ; On                 ; On                 ;
; Pre-Mapping Resynthesis Optimization                                            ; Off                ; Off                ;
; Analysis & Synthesis Message Level                                              ; Medium             ; Medium             ;
; Disable Register Merging Across Hierarchies                                     ; Auto               ; Auto               ;
; Resource Aware Inference For Block RAM                                          ; On                 ; On                 ;
; Automatic Parallel Synthesis                                                    ; On                 ; On                 ;
; Partial Reconfiguration Bitstream ID                                            ; Off                ; Off                ;
+---------------------------------------------------------------------------------+--------------------+--------------------+


+------------------------------------------+
; Parallel Compilation                     ;
+----------------------------+-------------+
; Processors                 ; Number      ;
+----------------------------+-------------+
; Number detected on machine ; 3           ;
; Maximum allowed            ; 3           ;
;                            ;             ;
; Average used               ; 1.00        ;
; Maximum used               ; 3           ;
;                            ;             ;
; Usage by Processor         ; % Time Used ;
;     Processor 1            ; 100.0%      ;
;     Processor 2            ;   0.0%      ;
;     Processor 3            ;   0.0%      ;
+----------------------------+-------------+


+------------------------------------------------------------------------------------------------------------------------------------------+
; Analysis & Synthesis Source Files Read                                                                                                   ;
+----------------------------------+-----------------+------------------------+--------------------------------------------------+---------+
; File Name with User-Entered Path ; Used in Netlist ; File Type              ; File Name with Absolute Path                     ; Library ;
+----------------------------------+-----------------+------------------------+--------------------------------------------------+---------+
; cpu.v                            ; yes             ; User Verilog HDL File  ; /home/lupin3se/intelFPGA_lite/22.1std/6502/cpu.v ;         ;
; alu.v                            ; yes             ; User Verilog HDL File  ; /home/lupin3se/intelFPGA_lite/22.1std/6502/alu.v ;         ;
+----------------------------------+-----------------+------------------------+--------------------------------------------------+---------+


+---------------------------------------------------------+
; Analysis & Synthesis Resource Usage Summary             ;
+---------------------------------------------+-----------+
; Resource                                    ; Usage     ;
+---------------------------------------------+-----------+
; Estimate of Logic utilization (ALMs needed) ; 311       ;
;                                             ;           ;
; Combinational ALUT usage for logic          ; 461       ;
;     -- 7 input functions                    ; 10        ;
;     -- 6 input functions                    ; 121       ;
;     -- 5 input functions                    ; 118       ;
;     -- 4 input functions                    ; 91        ;
;     -- <=3 input functions                  ; 121       ;
;                                             ;           ;
; Dedicated logic registers                   ; 187       ;
;                                             ;           ;
; I/O pins                                    ; 38        ;
;                                             ;           ;
; Total DSP Blocks                            ; 0         ;
;                                             ;           ;
; Maximum fan-out node                        ; clk~input ;
; Maximum fan-out                             ; 187       ;
; Total fan-out                               ; 2791      ;
; Average fan-out                             ; 3.85      ;
+---------------------------------------------+-----------+


+----------------------------------------------------------------------------------------------------------------------------------------------------------------------------------------+
; Analysis & Synthesis Resource Utilization by Entity                                                                                                                                    ;
+----------------------------+---------------------+---------------------------+-------------------+------------+------+--------------+---------------------+-------------+--------------+
; Compilation Hierarchy Node ; Combinational ALUTs ; Dedicated Logic Registers ; Block Memory Bits ; DSP Blocks ; Pins ; Virtual Pins ; Full Hierarchy Name ; Entity Name ; Library Name ;
+----------------------------+---------------------+---------------------------+-------------------+------------+------+--------------+---------------------+-------------+--------------+
; |cpu                       ; 461 (393)           ; 187 (175)                 ; 0                 ; 0          ; 38   ; 0            ; |cpu                ; cpu         ; work         ;
;    |ALU:ALU|               ; 68 (68)             ; 12 (12)                   ; 0                 ; 0          ; 0    ; 0            ; |cpu|ALU:ALU        ; ALU         ; work         ;
+----------------------------+---------------------+---------------------------+-------------------+------------+------+--------------+---------------------+-------------+--------------+
Note: For table entries with two numbers listed, the numbers in parentheses indicate the number of resources of the given type used by the specific entity alone. The numbers listed outside of parentheses indicate the total resources of the given type used by the specific entity and all of its sub-entities in the hierarchy.


Encoding Type:  One-Hot
+------------------------------------------------------------------------------------------------------------------------------------------------------------------------------------------------------------------------------------------------------------------------------------------------------------------------------------------------------------------------------------------------------------------------------------------------------------------------------------------------------------------------------------------------------------------------------------------------------------------------------------------------------------------------------------------------------------+
; State Machine - |cpu|state                                                                                                                                                                                                                                                                                                                                                                                                                                                                                                                                                                                                                                                                                 ;
+--------------+------------+------------+-----------+-------------+------------+------------+------------+------------+------------+------------+------------+------------+------------+-----------+------------+-------------+-------------+-------------+-------------+-------------+------------+------------+------------+------------+-------------+-------------+------------+------------+-------------+-------------+-------------+-------------+-------------+-------------+-------------+-------------+-------------+--------------+------------+------------+------------+------------+------------+------------+------------+-------------+-------------+-------------+------------+------------+
; Name         ; state.ZPX1 ; state.ZPX0 ; state.ZP0 ; state.WRITE ; state.RTS3 ; state.RTS2 ; state.RTS1 ; state.RTS0 ; state.RTI4 ; state.RTI3 ; state.RTI2 ; state.RTI1 ; state.RTI0 ; state.REG ; state.READ ; state.PUSH1 ; state.PUSH0 ; state.PULL2 ; state.PULL1 ; state.PULL0 ; state.JSR3 ; state.JSR2 ; state.JSR1 ; state.JSR0 ; state.JMPI1 ; state.JMPI0 ; state.JMP1 ; state.JMP0 ; state.INDY3 ; state.INDY2 ; state.INDY1 ; state.INDY0 ; state.INDX3 ; state.INDX2 ; state.INDX1 ; state.INDX0 ; state.FETCH ; state.DECODE ; state.BRK3 ; state.BRK2 ; state.BRK1 ; state.ABS0 ; state.BRA2 ; state.BRA1 ; state.BRA0 ; state.ABSX2 ; state.ABSX1 ; state.ABSX0 ; state.ABS1 ; state.BRK0 ;
+--------------+------------+------------+-----------+-------------+------------+------------+------------+------------+------------+------------+------------+------------+------------+-----------+------------+-------------+-------------+-------------+-------------+-------------+------------+------------+------------+------------+-------------+-------------+------------+------------+-------------+-------------+-------------+-------------+-------------+-------------+-------------+-------------+-------------+--------------+------------+------------+------------+------------+------------+------------+------------+-------------+-------------+-------------+------------+------------+
; state.BRK0   ; 0          ; 0          ; 0         ; 0           ; 0          ; 0          ; 0          ; 0          ; 0          ; 0          ; 0          ; 0          ; 0          ; 0         ; 0          ; 0           ; 0           ; 0           ; 0           ; 0           ; 0          ; 0          ; 0          ; 0          ; 0           ; 0           ; 0          ; 0          ; 0           ; 0           ; 0           ; 0           ; 0           ; 0           ; 0           ; 0           ; 0           ; 0            ; 0          ; 0          ; 0          ; 0          ; 0          ; 0          ; 0          ; 0           ; 0           ; 0           ; 0          ; 0          ;
; state.ABS1   ; 0          ; 0          ; 0         ; 0           ; 0          ; 0          ; 0          ; 0          ; 0          ; 0          ; 0          ; 0          ; 0          ; 0         ; 0          ; 0           ; 0           ; 0           ; 0           ; 0           ; 0          ; 0          ; 0          ; 0          ; 0           ; 0           ; 0          ; 0          ; 0           ; 0           ; 0           ; 0           ; 0           ; 0           ; 0           ; 0           ; 0           ; 0            ; 0          ; 0          ; 0          ; 0          ; 0          ; 0          ; 0          ; 0           ; 0           ; 0           ; 1          ; 1          ;
; state.ABSX0  ; 0          ; 0          ; 0         ; 0           ; 0          ; 0          ; 0          ; 0          ; 0          ; 0          ; 0          ; 0          ; 0          ; 0         ; 0          ; 0           ; 0           ; 0           ; 0           ; 0           ; 0          ; 0          ; 0          ; 0          ; 0           ; 0           ; 0          ; 0          ; 0           ; 0           ; 0           ; 0           ; 0           ; 0           ; 0           ; 0           ; 0           ; 0            ; 0          ; 0          ; 0          ; 0          ; 0          ; 0          ; 0          ; 0           ; 0           ; 1           ; 0          ; 1          ;
; state.ABSX1  ; 0          ; 0          ; 0         ; 0           ; 0          ; 0          ; 0          ; 0          ; 0          ; 0          ; 0          ; 0          ; 0          ; 0         ; 0          ; 0           ; 0           ; 0           ; 0           ; 0           ; 0          ; 0          ; 0          ; 0          ; 0           ; 0           ; 0          ; 0          ; 0           ; 0           ; 0           ; 0           ; 0           ; 0           ; 0           ; 0           ; 0           ; 0            ; 0          ; 0          ; 0          ; 0          ; 0          ; 0          ; 0          ; 0           ; 1           ; 0           ; 0          ; 1          ;
; state.ABSX2  ; 0          ; 0          ; 0         ; 0           ; 0          ; 0          ; 0          ; 0          ; 0          ; 0          ; 0          ; 0          ; 0          ; 0         ; 0          ; 0           ; 0           ; 0           ; 0           ; 0           ; 0          ; 0          ; 0          ; 0          ; 0           ; 0           ; 0          ; 0          ; 0           ; 0           ; 0           ; 0           ; 0           ; 0           ; 0           ; 0           ; 0           ; 0            ; 0          ; 0          ; 0          ; 0          ; 0          ; 0          ; 0          ; 1           ; 0           ; 0           ; 0          ; 1          ;
; state.BRA0   ; 0          ; 0          ; 0         ; 0           ; 0          ; 0          ; 0          ; 0          ; 0          ; 0          ; 0          ; 0          ; 0          ; 0         ; 0          ; 0           ; 0           ; 0           ; 0           ; 0           ; 0          ; 0          ; 0          ; 0          ; 0           ; 0           ; 0          ; 0          ; 0           ; 0           ; 0           ; 0           ; 0           ; 0           ; 0           ; 0           ; 0           ; 0            ; 0          ; 0          ; 0          ; 0          ; 0          ; 0          ; 1          ; 0           ; 0           ; 0           ; 0          ; 1          ;
; state.BRA1   ; 0          ; 0          ; 0         ; 0           ; 0          ; 0          ; 0          ; 0          ; 0          ; 0          ; 0          ; 0          ; 0          ; 0         ; 0          ; 0           ; 0           ; 0           ; 0           ; 0           ; 0          ; 0          ; 0          ; 0          ; 0           ; 0           ; 0          ; 0          ; 0           ; 0           ; 0           ; 0           ; 0           ; 0           ; 0           ; 0           ; 0           ; 0            ; 0          ; 0          ; 0          ; 0          ; 0          ; 1          ; 0          ; 0           ; 0           ; 0           ; 0          ; 1          ;
; state.BRA2   ; 0          ; 0          ; 0         ; 0           ; 0          ; 0          ; 0          ; 0          ; 0          ; 0          ; 0          ; 0          ; 0          ; 0         ; 0          ; 0           ; 0           ; 0           ; 0           ; 0           ; 0          ; 0          ; 0          ; 0          ; 0           ; 0           ; 0          ; 0          ; 0           ; 0           ; 0           ; 0           ; 0           ; 0           ; 0           ; 0           ; 0           ; 0            ; 0          ; 0          ; 0          ; 0          ; 1          ; 0          ; 0          ; 0           ; 0           ; 0           ; 0          ; 1          ;
; state.ABS0   ; 0          ; 0          ; 0         ; 0           ; 0          ; 0          ; 0          ; 0          ; 0          ; 0          ; 0          ; 0          ; 0          ; 0         ; 0          ; 0           ; 0           ; 0           ; 0           ; 0           ; 0          ; 0          ; 0          ; 0          ; 0           ; 0           ; 0          ; 0          ; 0           ; 0           ; 0           ; 0           ; 0           ; 0           ; 0           ; 0           ; 0           ; 0            ; 0          ; 0          ; 0          ; 1          ; 0          ; 0          ; 0          ; 0           ; 0           ; 0           ; 0          ; 1          ;
; state.BRK1   ; 0          ; 0          ; 0         ; 0           ; 0          ; 0          ; 0          ; 0          ; 0          ; 0          ; 0          ; 0          ; 0          ; 0         ; 0          ; 0           ; 0           ; 0           ; 0           ; 0           ; 0          ; 0          ; 0          ; 0          ; 0           ; 0           ; 0          ; 0          ; 0           ; 0           ; 0           ; 0           ; 0           ; 0           ; 0           ; 0           ; 0           ; 0            ; 0          ; 0          ; 1          ; 0          ; 0          ; 0          ; 0          ; 0           ; 0           ; 0           ; 0          ; 1          ;
; state.BRK2   ; 0          ; 0          ; 0         ; 0           ; 0          ; 0          ; 0          ; 0          ; 0          ; 0          ; 0          ; 0          ; 0          ; 0         ; 0          ; 0           ; 0           ; 0           ; 0           ; 0           ; 0          ; 0          ; 0          ; 0          ; 0           ; 0           ; 0          ; 0          ; 0           ; 0           ; 0           ; 0           ; 0           ; 0           ; 0           ; 0           ; 0           ; 0            ; 0          ; 1          ; 0          ; 0          ; 0          ; 0          ; 0          ; 0           ; 0           ; 0           ; 0          ; 1          ;
; state.BRK3   ; 0          ; 0          ; 0         ; 0           ; 0          ; 0          ; 0          ; 0          ; 0          ; 0          ; 0          ; 0          ; 0          ; 0         ; 0          ; 0           ; 0           ; 0           ; 0           ; 0           ; 0          ; 0          ; 0          ; 0          ; 0           ; 0           ; 0          ; 0          ; 0           ; 0           ; 0           ; 0           ; 0           ; 0           ; 0           ; 0           ; 0           ; 0            ; 1          ; 0          ; 0          ; 0          ; 0          ; 0          ; 0          ; 0           ; 0           ; 0           ; 0          ; 1          ;
; state.DECODE ; 0          ; 0          ; 0         ; 0           ; 0          ; 0          ; 0          ; 0          ; 0          ; 0          ; 0          ; 0          ; 0          ; 0         ; 0          ; 0           ; 0           ; 0           ; 0           ; 0           ; 0          ; 0          ; 0          ; 0          ; 0           ; 0           ; 0          ; 0          ; 0           ; 0           ; 0           ; 0           ; 0           ; 0           ; 0           ; 0           ; 0           ; 1            ; 0          ; 0          ; 0          ; 0          ; 0          ; 0          ; 0          ; 0           ; 0           ; 0           ; 0          ; 1          ;
; state.FETCH  ; 0          ; 0          ; 0         ; 0           ; 0          ; 0          ; 0          ; 0          ; 0          ; 0          ; 0          ; 0          ; 0          ; 0         ; 0          ; 0           ; 0           ; 0           ; 0           ; 0           ; 0          ; 0          ; 0          ; 0          ; 0           ; 0           ; 0          ; 0          ; 0           ; 0           ; 0           ; 0           ; 0           ; 0           ; 0           ; 0           ; 1           ; 0            ; 0          ; 0          ; 0          ; 0          ; 0          ; 0          ; 0          ; 0           ; 0           ; 0           ; 0          ; 1          ;
; state.INDX0  ; 0          ; 0          ; 0         ; 0           ; 0          ; 0          ; 0          ; 0          ; 0          ; 0          ; 0          ; 0          ; 0          ; 0         ; 0          ; 0           ; 0           ; 0           ; 0           ; 0           ; 0          ; 0          ; 0          ; 0          ; 0           ; 0           ; 0          ; 0          ; 0           ; 0           ; 0           ; 0           ; 0           ; 0           ; 0           ; 1           ; 0           ; 0            ; 0          ; 0          ; 0          ; 0          ; 0          ; 0          ; 0          ; 0           ; 0           ; 0           ; 0          ; 1          ;
; state.INDX1  ; 0          ; 0          ; 0         ; 0           ; 0          ; 0          ; 0          ; 0          ; 0          ; 0          ; 0          ; 0          ; 0          ; 0         ; 0          ; 0           ; 0           ; 0           ; 0           ; 0           ; 0          ; 0          ; 0          ; 0          ; 0           ; 0           ; 0          ; 0          ; 0           ; 0           ; 0           ; 0           ; 0           ; 0           ; 1           ; 0           ; 0           ; 0            ; 0          ; 0          ; 0          ; 0          ; 0          ; 0          ; 0          ; 0           ; 0           ; 0           ; 0          ; 1          ;
; state.INDX2  ; 0          ; 0          ; 0         ; 0           ; 0          ; 0          ; 0          ; 0          ; 0          ; 0          ; 0          ; 0          ; 0          ; 0         ; 0          ; 0           ; 0           ; 0           ; 0           ; 0           ; 0          ; 0          ; 0          ; 0          ; 0           ; 0           ; 0          ; 0          ; 0           ; 0           ; 0           ; 0           ; 0           ; 1           ; 0           ; 0           ; 0           ; 0            ; 0          ; 0          ; 0          ; 0          ; 0          ; 0          ; 0          ; 0           ; 0           ; 0           ; 0          ; 1          ;
; state.INDX3  ; 0          ; 0          ; 0         ; 0           ; 0          ; 0          ; 0          ; 0          ; 0          ; 0          ; 0          ; 0          ; 0          ; 0         ; 0          ; 0           ; 0           ; 0           ; 0           ; 0           ; 0          ; 0          ; 0          ; 0          ; 0           ; 0           ; 0          ; 0          ; 0           ; 0           ; 0           ; 0           ; 1           ; 0           ; 0           ; 0           ; 0           ; 0            ; 0          ; 0          ; 0          ; 0          ; 0          ; 0          ; 0          ; 0           ; 0           ; 0           ; 0          ; 1          ;
; state.INDY0  ; 0          ; 0          ; 0         ; 0           ; 0          ; 0          ; 0          ; 0          ; 0          ; 0          ; 0          ; 0          ; 0          ; 0         ; 0          ; 0           ; 0           ; 0           ; 0           ; 0           ; 0          ; 0          ; 0          ; 0          ; 0           ; 0           ; 0          ; 0          ; 0           ; 0           ; 0           ; 1           ; 0           ; 0           ; 0           ; 0           ; 0           ; 0            ; 0          ; 0          ; 0          ; 0          ; 0          ; 0          ; 0          ; 0           ; 0           ; 0           ; 0          ; 1          ;
; state.INDY1  ; 0          ; 0          ; 0         ; 0           ; 0          ; 0          ; 0          ; 0          ; 0          ; 0          ; 0          ; 0          ; 0          ; 0         ; 0          ; 0           ; 0           ; 0           ; 0           ; 0           ; 0          ; 0          ; 0          ; 0          ; 0           ; 0           ; 0          ; 0          ; 0           ; 0           ; 1           ; 0           ; 0           ; 0           ; 0           ; 0           ; 0           ; 0            ; 0          ; 0          ; 0          ; 0          ; 0          ; 0          ; 0          ; 0           ; 0           ; 0           ; 0          ; 1          ;
; state.INDY2  ; 0          ; 0          ; 0         ; 0           ; 0          ; 0          ; 0          ; 0          ; 0          ; 0          ; 0          ; 0          ; 0          ; 0         ; 0          ; 0           ; 0           ; 0           ; 0           ; 0           ; 0          ; 0          ; 0          ; 0          ; 0           ; 0           ; 0          ; 0          ; 0           ; 1           ; 0           ; 0           ; 0           ; 0           ; 0           ; 0           ; 0           ; 0            ; 0          ; 0          ; 0          ; 0          ; 0          ; 0          ; 0          ; 0           ; 0           ; 0           ; 0          ; 1          ;
; state.INDY3  ; 0          ; 0          ; 0         ; 0           ; 0          ; 0          ; 0          ; 0          ; 0          ; 0          ; 0          ; 0          ; 0          ; 0         ; 0          ; 0           ; 0           ; 0           ; 0           ; 0           ; 0          ; 0          ; 0          ; 0          ; 0           ; 0           ; 0          ; 0          ; 1           ; 0           ; 0           ; 0           ; 0           ; 0           ; 0           ; 0           ; 0           ; 0            ; 0          ; 0          ; 0          ; 0          ; 0          ; 0          ; 0          ; 0           ; 0           ; 0           ; 0          ; 1          ;
; state.JMP0   ; 0          ; 0          ; 0         ; 0           ; 0          ; 0          ; 0          ; 0          ; 0          ; 0          ; 0          ; 0          ; 0          ; 0         ; 0          ; 0           ; 0           ; 0           ; 0           ; 0           ; 0          ; 0          ; 0          ; 0          ; 0           ; 0           ; 0          ; 1          ; 0           ; 0           ; 0           ; 0           ; 0           ; 0           ; 0           ; 0           ; 0           ; 0            ; 0          ; 0          ; 0          ; 0          ; 0          ; 0          ; 0          ; 0           ; 0           ; 0           ; 0          ; 1          ;
; state.JMP1   ; 0          ; 0          ; 0         ; 0           ; 0          ; 0          ; 0          ; 0          ; 0          ; 0          ; 0          ; 0          ; 0          ; 0         ; 0          ; 0           ; 0           ; 0           ; 0           ; 0           ; 0          ; 0          ; 0          ; 0          ; 0           ; 0           ; 1          ; 0          ; 0           ; 0           ; 0           ; 0           ; 0           ; 0           ; 0           ; 0           ; 0           ; 0            ; 0          ; 0          ; 0          ; 0          ; 0          ; 0          ; 0          ; 0           ; 0           ; 0           ; 0          ; 1          ;
; state.JMPI0  ; 0          ; 0          ; 0         ; 0           ; 0          ; 0          ; 0          ; 0          ; 0          ; 0          ; 0          ; 0          ; 0          ; 0         ; 0          ; 0           ; 0           ; 0           ; 0           ; 0           ; 0          ; 0          ; 0          ; 0          ; 0           ; 1           ; 0          ; 0          ; 0           ; 0           ; 0           ; 0           ; 0           ; 0           ; 0           ; 0           ; 0           ; 0            ; 0          ; 0          ; 0          ; 0          ; 0          ; 0          ; 0          ; 0           ; 0           ; 0           ; 0          ; 1          ;
; state.JMPI1  ; 0          ; 0          ; 0         ; 0           ; 0          ; 0          ; 0          ; 0          ; 0          ; 0          ; 0          ; 0          ; 0          ; 0         ; 0          ; 0           ; 0           ; 0           ; 0           ; 0           ; 0          ; 0          ; 0          ; 0          ; 1           ; 0           ; 0          ; 0          ; 0           ; 0           ; 0           ; 0           ; 0           ; 0           ; 0           ; 0           ; 0           ; 0            ; 0          ; 0          ; 0          ; 0          ; 0          ; 0          ; 0          ; 0           ; 0           ; 0           ; 0          ; 1          ;
; state.JSR0   ; 0          ; 0          ; 0         ; 0           ; 0          ; 0          ; 0          ; 0          ; 0          ; 0          ; 0          ; 0          ; 0          ; 0         ; 0          ; 0           ; 0           ; 0           ; 0           ; 0           ; 0          ; 0          ; 0          ; 1          ; 0           ; 0           ; 0          ; 0          ; 0           ; 0           ; 0           ; 0           ; 0           ; 0           ; 0           ; 0           ; 0           ; 0            ; 0          ; 0          ; 0          ; 0          ; 0          ; 0          ; 0          ; 0           ; 0           ; 0           ; 0          ; 1          ;
; state.JSR1   ; 0          ; 0          ; 0         ; 0           ; 0          ; 0          ; 0          ; 0          ; 0          ; 0          ; 0          ; 0          ; 0          ; 0         ; 0          ; 0           ; 0           ; 0           ; 0           ; 0           ; 0          ; 0          ; 1          ; 0          ; 0           ; 0           ; 0          ; 0          ; 0           ; 0           ; 0           ; 0           ; 0           ; 0           ; 0           ; 0           ; 0           ; 0            ; 0          ; 0          ; 0          ; 0          ; 0          ; 0          ; 0          ; 0           ; 0           ; 0           ; 0          ; 1          ;
; state.JSR2   ; 0          ; 0          ; 0         ; 0           ; 0          ; 0          ; 0          ; 0          ; 0          ; 0          ; 0          ; 0          ; 0          ; 0         ; 0          ; 0           ; 0           ; 0           ; 0           ; 0           ; 0          ; 1          ; 0          ; 0          ; 0           ; 0           ; 0          ; 0          ; 0           ; 0           ; 0           ; 0           ; 0           ; 0           ; 0           ; 0           ; 0           ; 0            ; 0          ; 0          ; 0          ; 0          ; 0          ; 0          ; 0          ; 0           ; 0           ; 0           ; 0          ; 1          ;
; state.JSR3   ; 0          ; 0          ; 0         ; 0           ; 0          ; 0          ; 0          ; 0          ; 0          ; 0          ; 0          ; 0          ; 0          ; 0         ; 0          ; 0           ; 0           ; 0           ; 0           ; 0           ; 1          ; 0          ; 0          ; 0          ; 0           ; 0           ; 0          ; 0          ; 0           ; 0           ; 0           ; 0           ; 0           ; 0           ; 0           ; 0           ; 0           ; 0            ; 0          ; 0          ; 0          ; 0          ; 0          ; 0          ; 0          ; 0           ; 0           ; 0           ; 0          ; 1          ;
; state.PULL0  ; 0          ; 0          ; 0         ; 0           ; 0          ; 0          ; 0          ; 0          ; 0          ; 0          ; 0          ; 0          ; 0          ; 0         ; 0          ; 0           ; 0           ; 0           ; 0           ; 1           ; 0          ; 0          ; 0          ; 0          ; 0           ; 0           ; 0          ; 0          ; 0           ; 0           ; 0           ; 0           ; 0           ; 0           ; 0           ; 0           ; 0           ; 0            ; 0          ; 0          ; 0          ; 0          ; 0          ; 0          ; 0          ; 0           ; 0           ; 0           ; 0          ; 1          ;
; state.PULL1  ; 0          ; 0          ; 0         ; 0           ; 0          ; 0          ; 0          ; 0          ; 0          ; 0          ; 0          ; 0          ; 0          ; 0         ; 0          ; 0           ; 0           ; 0           ; 1           ; 0           ; 0          ; 0          ; 0          ; 0          ; 0           ; 0           ; 0          ; 0          ; 0           ; 0           ; 0           ; 0           ; 0           ; 0           ; 0           ; 0           ; 0           ; 0            ; 0          ; 0          ; 0          ; 0          ; 0          ; 0          ; 0          ; 0           ; 0           ; 0           ; 0          ; 1          ;
; state.PULL2  ; 0          ; 0          ; 0         ; 0           ; 0          ; 0          ; 0          ; 0          ; 0          ; 0          ; 0          ; 0          ; 0          ; 0         ; 0          ; 0           ; 0           ; 1           ; 0           ; 0           ; 0          ; 0          ; 0          ; 0          ; 0           ; 0           ; 0          ; 0          ; 0           ; 0           ; 0           ; 0           ; 0           ; 0           ; 0           ; 0           ; 0           ; 0            ; 0          ; 0          ; 0          ; 0          ; 0          ; 0          ; 0          ; 0           ; 0           ; 0           ; 0          ; 1          ;
; state.PUSH0  ; 0          ; 0          ; 0         ; 0           ; 0          ; 0          ; 0          ; 0          ; 0          ; 0          ; 0          ; 0          ; 0          ; 0         ; 0          ; 0           ; 1           ; 0           ; 0           ; 0           ; 0          ; 0          ; 0          ; 0          ; 0           ; 0           ; 0          ; 0          ; 0           ; 0           ; 0           ; 0           ; 0           ; 0           ; 0           ; 0           ; 0           ; 0            ; 0          ; 0          ; 0          ; 0          ; 0          ; 0          ; 0          ; 0           ; 0           ; 0           ; 0          ; 1          ;
; state.PUSH1  ; 0          ; 0          ; 0         ; 0           ; 0          ; 0          ; 0          ; 0          ; 0          ; 0          ; 0          ; 0          ; 0          ; 0         ; 0          ; 1           ; 0           ; 0           ; 0           ; 0           ; 0          ; 0          ; 0          ; 0          ; 0           ; 0           ; 0          ; 0          ; 0           ; 0           ; 0           ; 0           ; 0           ; 0           ; 0           ; 0           ; 0           ; 0            ; 0          ; 0          ; 0          ; 0          ; 0          ; 0          ; 0          ; 0           ; 0           ; 0           ; 0          ; 1          ;
; state.READ   ; 0          ; 0          ; 0         ; 0           ; 0          ; 0          ; 0          ; 0          ; 0          ; 0          ; 0          ; 0          ; 0          ; 0         ; 1          ; 0           ; 0           ; 0           ; 0           ; 0           ; 0          ; 0          ; 0          ; 0          ; 0           ; 0           ; 0          ; 0          ; 0           ; 0           ; 0           ; 0           ; 0           ; 0           ; 0           ; 0           ; 0           ; 0            ; 0          ; 0          ; 0          ; 0          ; 0          ; 0          ; 0          ; 0           ; 0           ; 0           ; 0          ; 1          ;
; state.REG    ; 0          ; 0          ; 0         ; 0           ; 0          ; 0          ; 0          ; 0          ; 0          ; 0          ; 0          ; 0          ; 0          ; 1         ; 0          ; 0           ; 0           ; 0           ; 0           ; 0           ; 0          ; 0          ; 0          ; 0          ; 0           ; 0           ; 0          ; 0          ; 0           ; 0           ; 0           ; 0           ; 0           ; 0           ; 0           ; 0           ; 0           ; 0            ; 0          ; 0          ; 0          ; 0          ; 0          ; 0          ; 0          ; 0           ; 0           ; 0           ; 0          ; 1          ;
; state.RTI0   ; 0          ; 0          ; 0         ; 0           ; 0          ; 0          ; 0          ; 0          ; 0          ; 0          ; 0          ; 0          ; 1          ; 0         ; 0          ; 0           ; 0           ; 0           ; 0           ; 0           ; 0          ; 0          ; 0          ; 0          ; 0           ; 0           ; 0          ; 0          ; 0           ; 0           ; 0           ; 0           ; 0           ; 0           ; 0           ; 0           ; 0           ; 0            ; 0          ; 0          ; 0          ; 0          ; 0          ; 0          ; 0          ; 0           ; 0           ; 0           ; 0          ; 1          ;
; state.RTI1   ; 0          ; 0          ; 0         ; 0           ; 0          ; 0          ; 0          ; 0          ; 0          ; 0          ; 0          ; 1          ; 0          ; 0         ; 0          ; 0           ; 0           ; 0           ; 0           ; 0           ; 0          ; 0          ; 0          ; 0          ; 0           ; 0           ; 0          ; 0          ; 0           ; 0           ; 0           ; 0           ; 0           ; 0           ; 0           ; 0           ; 0           ; 0            ; 0          ; 0          ; 0          ; 0          ; 0          ; 0          ; 0          ; 0           ; 0           ; 0           ; 0          ; 1          ;
; state.RTI2   ; 0          ; 0          ; 0         ; 0           ; 0          ; 0          ; 0          ; 0          ; 0          ; 0          ; 1          ; 0          ; 0          ; 0         ; 0          ; 0           ; 0           ; 0           ; 0           ; 0           ; 0          ; 0          ; 0          ; 0          ; 0           ; 0           ; 0          ; 0          ; 0           ; 0           ; 0           ; 0           ; 0           ; 0           ; 0           ; 0           ; 0           ; 0            ; 0          ; 0          ; 0          ; 0          ; 0          ; 0          ; 0          ; 0           ; 0           ; 0           ; 0          ; 1          ;
; state.RTI3   ; 0          ; 0          ; 0         ; 0           ; 0          ; 0          ; 0          ; 0          ; 0          ; 1          ; 0          ; 0          ; 0          ; 0         ; 0          ; 0           ; 0           ; 0           ; 0           ; 0           ; 0          ; 0          ; 0          ; 0          ; 0           ; 0           ; 0          ; 0          ; 0           ; 0           ; 0           ; 0           ; 0           ; 0           ; 0           ; 0           ; 0           ; 0            ; 0          ; 0          ; 0          ; 0          ; 0          ; 0          ; 0          ; 0           ; 0           ; 0           ; 0          ; 1          ;
; state.RTI4   ; 0          ; 0          ; 0         ; 0           ; 0          ; 0          ; 0          ; 0          ; 1          ; 0          ; 0          ; 0          ; 0          ; 0         ; 0          ; 0           ; 0           ; 0           ; 0           ; 0           ; 0          ; 0          ; 0          ; 0          ; 0           ; 0           ; 0          ; 0          ; 0           ; 0           ; 0           ; 0           ; 0           ; 0           ; 0           ; 0           ; 0           ; 0            ; 0          ; 0          ; 0          ; 0          ; 0          ; 0          ; 0          ; 0           ; 0           ; 0           ; 0          ; 1          ;
; state.RTS0   ; 0          ; 0          ; 0         ; 0           ; 0          ; 0          ; 0          ; 1          ; 0          ; 0          ; 0          ; 0          ; 0          ; 0         ; 0          ; 0           ; 0           ; 0           ; 0           ; 0           ; 0          ; 0          ; 0          ; 0          ; 0           ; 0           ; 0          ; 0          ; 0           ; 0           ; 0           ; 0           ; 0           ; 0           ; 0           ; 0           ; 0           ; 0            ; 0          ; 0          ; 0          ; 0          ; 0          ; 0          ; 0          ; 0           ; 0           ; 0           ; 0          ; 1          ;
; state.RTS1   ; 0          ; 0          ; 0         ; 0           ; 0          ; 0          ; 1          ; 0          ; 0          ; 0          ; 0          ; 0          ; 0          ; 0         ; 0          ; 0           ; 0           ; 0           ; 0           ; 0           ; 0          ; 0          ; 0          ; 0          ; 0           ; 0           ; 0          ; 0          ; 0           ; 0           ; 0           ; 0           ; 0           ; 0           ; 0           ; 0           ; 0           ; 0            ; 0          ; 0          ; 0          ; 0          ; 0          ; 0          ; 0          ; 0           ; 0           ; 0           ; 0          ; 1          ;
; state.RTS2   ; 0          ; 0          ; 0         ; 0           ; 0          ; 1          ; 0          ; 0          ; 0          ; 0          ; 0          ; 0          ; 0          ; 0         ; 0          ; 0           ; 0           ; 0           ; 0           ; 0           ; 0          ; 0          ; 0          ; 0          ; 0           ; 0           ; 0          ; 0          ; 0           ; 0           ; 0           ; 0           ; 0           ; 0           ; 0           ; 0           ; 0           ; 0            ; 0          ; 0          ; 0          ; 0          ; 0          ; 0          ; 0          ; 0           ; 0           ; 0           ; 0          ; 1          ;
; state.RTS3   ; 0          ; 0          ; 0         ; 0           ; 1          ; 0          ; 0          ; 0          ; 0          ; 0          ; 0          ; 0          ; 0          ; 0         ; 0          ; 0           ; 0           ; 0           ; 0           ; 0           ; 0          ; 0          ; 0          ; 0          ; 0           ; 0           ; 0          ; 0          ; 0           ; 0           ; 0           ; 0           ; 0           ; 0           ; 0           ; 0           ; 0           ; 0            ; 0          ; 0          ; 0          ; 0          ; 0          ; 0          ; 0          ; 0           ; 0           ; 0           ; 0          ; 1          ;
; state.WRITE  ; 0          ; 0          ; 0         ; 1           ; 0          ; 0          ; 0          ; 0          ; 0          ; 0          ; 0          ; 0          ; 0          ; 0         ; 0          ; 0           ; 0           ; 0           ; 0           ; 0           ; 0          ; 0          ; 0          ; 0          ; 0           ; 0           ; 0          ; 0          ; 0           ; 0           ; 0           ; 0           ; 0           ; 0           ; 0           ; 0           ; 0           ; 0            ; 0          ; 0          ; 0          ; 0          ; 0          ; 0          ; 0          ; 0           ; 0           ; 0           ; 0          ; 1          ;
; state.ZP0    ; 0          ; 0          ; 1         ; 0           ; 0          ; 0          ; 0          ; 0          ; 0          ; 0          ; 0          ; 0          ; 0          ; 0         ; 0          ; 0           ; 0           ; 0           ; 0           ; 0           ; 0          ; 0          ; 0          ; 0          ; 0           ; 0           ; 0          ; 0          ; 0           ; 0           ; 0           ; 0           ; 0           ; 0           ; 0           ; 0           ; 0           ; 0            ; 0          ; 0          ; 0          ; 0          ; 0          ; 0          ; 0          ; 0           ; 0           ; 0           ; 0          ; 1          ;
; state.ZPX0   ; 0          ; 1          ; 0         ; 0           ; 0          ; 0          ; 0          ; 0          ; 0          ; 0          ; 0          ; 0          ; 0          ; 0         ; 0          ; 0           ; 0           ; 0           ; 0           ; 0           ; 0          ; 0          ; 0          ; 0          ; 0           ; 0           ; 0          ; 0          ; 0           ; 0           ; 0           ; 0           ; 0           ; 0           ; 0           ; 0           ; 0           ; 0            ; 0          ; 0          ; 0          ; 0          ; 0          ; 0          ; 0          ; 0           ; 0           ; 0           ; 0          ; 1          ;
; state.ZPX1   ; 1          ; 0          ; 0         ; 0           ; 0          ; 0          ; 0          ; 0          ; 0          ; 0          ; 0          ; 0          ; 0          ; 0         ; 0          ; 0           ; 0           ; 0           ; 0           ; 0           ; 0          ; 0          ; 0          ; 0          ; 0           ; 0           ; 0          ; 0          ; 0           ; 0           ; 0           ; 0           ; 0           ; 0           ; 0           ; 0           ; 0           ; 0            ; 0          ; 0          ; 0          ; 0          ; 0          ; 0          ; 0          ; 0           ; 0           ; 0           ; 0          ; 1          ;
+--------------+------------+------------+-----------+-------------+------------+------------+------------+------------+------------+------------+------------+------------+------------+-----------+------------+-------------+-------------+-------------+-------------+-------------+------------+------------+------------+------------+-------------+-------------+------------+------------+-------------+-------------+-------------+-------------+-------------+-------------+-------------+-------------+-------------+--------------+------------+------------+------------+------------+------------+------------+------------+-------------+-------------+-------------+------------+------------+


+---------------------------------------------------------------+
; Registers Removed During Synthesis                            ;
+---------------------------------------+-----------------------+
; Register name                         ; Reason for Removal    ;
+---------------------------------------+-----------------------+
; ALU:ALU|OUT[7]                        ; Merged with ALU:ALU|N ;
; state~5                               ; Lost fanout           ;
; state~6                               ; Lost fanout           ;
; state~7                               ; Lost fanout           ;
; state~8                               ; Lost fanout           ;
; state~9                               ; Lost fanout           ;
; state~10                              ; Lost fanout           ;
; Total Number of Removed Registers = 7 ;                       ;
+---------------------------------------+-----------------------+


+------------------------------------------------------+
; General Register Statistics                          ;
+----------------------------------------------+-------+
; Statistic                                    ; Value ;
+----------------------------------------------+-------+
; Total registers                              ; 187   ;
; Number of registers using Synchronous Clear  ; 1     ;
; Number of registers using Synchronous Load   ; 32    ;
; Number of registers using Asynchronous Clear ; 50    ;
; Number of registers using Asynchronous Load  ; 0     ;
; Number of registers using Clock Enable       ; 177   ;
; Number of registers using Preset             ; 0     ;
+----------------------------------------------+-------+


+------------------------------------------------------------------------------------------------------------------------------------------+
; Multiplexer Restructuring Statistics (Restructuring Performed)                                                                           ;
+--------------------+-----------+---------------+----------------------+------------------------+------------+----------------------------+
; Multiplexer Inputs ; Bus Width ; Baseline Area ; Area if Restructured ; Saving if Restructured ; Registered ; Example Multiplexer Output ;
+--------------------+-----------+---------------+----------------------+------------------------+------------+----------------------------+
; 3:1                ; 5 bits    ; 10 LEs        ; 10 LEs               ; 0 LEs                  ; No         ; |cpu|IR[2]                 ;
; 3:1                ; 3 bits    ; 6 LEs         ; 6 LEs                ; 0 LEs                  ; No         ; |cpu|IR[5]                 ;
; 4:1                ; 8 bits    ; 16 LEs        ; 16 LEs               ; 0 LEs                  ; No         ; |cpu|ALU:ALU|Mux15         ;
; 5:1                ; 8 bits    ; 24 LEs        ; 24 LEs               ; 0 LEs                  ; No         ; |cpu|ALU:ALU|temp_logic[4] ;
; 5:1                ; 8 bits    ; 24 LEs        ; 24 LEs               ; 0 LEs                  ; No         ; |cpu|Selector28            ;
; 5:1                ; 7 bits    ; 21 LEs        ; 21 LEs               ; 0 LEs                  ; No         ; |cpu|Selector22            ;
; 3:1                ; 8 bits    ; 16 LEs        ; 16 LEs               ; 0 LEs                  ; No         ; |cpu|Selector64            ;
; 6:1                ; 6 bits    ; 24 LEs        ; 12 LEs               ; 12 LEs                 ; No         ; |cpu|Selector8             ;
; 7:1                ; 6 bits    ; 24 LEs        ; 18 LEs               ; 6 LEs                  ; No         ; |cpu|Selector38            ;
; 7:1                ; 8 bits    ; 32 LEs        ; 24 LEs               ; 8 LEs                  ; No         ; |cpu|Selector0             ;
; 7:1                ; 8 bits    ; 32 LEs        ; 32 LEs               ; 0 LEs                  ; No         ; |cpu|Selector49            ;
; 258:1              ; 15 bits   ; 2580 LEs      ; 270 LEs              ; 2310 LEs               ; No         ; |cpu|state                 ;
+--------------------+-----------+---------------+----------------------+------------------------+------------+----------------------------+


+---------------------------------------------------------------------+
; Parameter Settings for User Entity Instance: Top-level Entity: |cpu ;
+----------------+----------+-----------------------------------------+
; Parameter Name ; Value    ; Type                                    ;
+----------------+----------+-----------------------------------------+
; SEL_A          ; 00       ; Unsigned Binary                         ;
; SEL_S          ; 01       ; Unsigned Binary                         ;
; SEL_X          ; 10       ; Unsigned Binary                         ;
; SEL_Y          ; 11       ; Unsigned Binary                         ;
; OP_OR          ; 1100     ; Unsigned Binary                         ;
; OP_AND         ; 1101     ; Unsigned Binary                         ;
; OP_EOR         ; 1110     ; Unsigned Binary                         ;
; OP_ADD         ; 0011     ; Unsigned Binary                         ;
; OP_SUB         ; 0111     ; Unsigned Binary                         ;
; OP_ROL         ; 1011     ; Unsigned Binary                         ;
; OP_A           ; 1111     ; Unsigned Binary                         ;
; ABS0           ; 000000   ; Unsigned Binary                         ;
; ABS1           ; 000001   ; Unsigned Binary                         ;
; ABSX0          ; 000010   ; Unsigned Binary                         ;
; ABSX1          ; 000011   ; Unsigned Binary                         ;
; ABSX2          ; 000100   ; Unsigned Binary                         ;
; BRA0           ; 000101   ; Unsigned Binary                         ;
; BRA1           ; 000110   ; Unsigned Binary                         ;
; BRA2           ; 000111   ; Unsigned Binary                         ;
; BRK0           ; 001000   ; Unsigned Binary                         ;
; BRK1           ; 001001   ; Unsigned Binary                         ;
; BRK2           ; 001010   ; Unsigned Binary                         ;
; BRK3           ; 001011   ; Unsigned Binary                         ;
; DECODE         ; 001100   ; Unsigned Binary                         ;
; FETCH          ; 001101   ; Unsigned Binary                         ;
; INDX0          ; 001110   ; Unsigned Binary                         ;
; INDX1          ; 001111   ; Unsigned Binary                         ;
; INDX2          ; 010000   ; Unsigned Binary                         ;
; INDX3          ; 010001   ; Unsigned Binary                         ;
; INDY0          ; 010010   ; Unsigned Binary                         ;
; INDY1          ; 010011   ; Unsigned Binary                         ;
; INDY2          ; 010100   ; Unsigned Binary                         ;
; INDY3          ; 010101   ; Unsigned Binary                         ;
; JMP0           ; 010110   ; Unsigned Binary                         ;
; JMP1           ; 010111   ; Unsigned Binary                         ;
; JMPI0          ; 011000   ; Unsigned Binary                         ;
; JMPI1          ; 011001   ; Unsigned Binary                         ;
; JSR0           ; 011010   ; Unsigned Binary                         ;
; JSR1           ; 011011   ; Unsigned Binary                         ;
; JSR2           ; 011100   ; Unsigned Binary                         ;
; JSR3           ; 011101   ; Unsigned Binary                         ;
; PULL0          ; 011110   ; Unsigned Binary                         ;
; PULL1          ; 011111   ; Unsigned Binary                         ;
; PULL2          ; 100000   ; Unsigned Binary                         ;
; PUSH0          ; 100001   ; Unsigned Binary                         ;
; PUSH1          ; 100010   ; Unsigned Binary                         ;
; READ           ; 100011   ; Unsigned Binary                         ;
; REG            ; 100100   ; Unsigned Binary                         ;
; RTI0           ; 100101   ; Unsigned Binary                         ;
; RTI1           ; 100110   ; Unsigned Binary                         ;
; RTI2           ; 100111   ; Unsigned Binary                         ;
; RTI3           ; 101000   ; Unsigned Binary                         ;
; RTI4           ; 101001   ; Unsigned Binary                         ;
; RTS0           ; 101010   ; Unsigned Binary                         ;
; RTS1           ; 101011   ; Unsigned Binary                         ;
; RTS2           ; 101100   ; Unsigned Binary                         ;
; RTS3           ; 101101   ; Unsigned Binary                         ;
; WRITE          ; 101110   ; Unsigned Binary                         ;
; ZP0            ; 101111   ; Unsigned Binary                         ;
; ZPX0           ; 110000   ; Unsigned Binary                         ;
; ZPX1           ; 110001   ; Unsigned Binary                         ;
; ZEROPAGE       ; 00000000 ; Unsigned Binary                         ;
; STACKPAGE      ; 00000001 ; Unsigned Binary                         ;
+----------------+----------+-----------------------------------------+
Note: In order to hide this table in the UI and the text report file, please set the "Show Parameter Settings in Synthesis Report" option in "Analysis and Synthesis Settings -> More Settings" to "Off".


+-----------------------------------------------------+
; Post-Synthesis Netlist Statistics for Top Partition ;
+-----------------------+-----------------------------+
; Type                  ; Count                       ;
+-----------------------+-----------------------------+
; arriav_ff             ; 187                         ;
;     ENA               ; 94                          ;
;     ENA CLR           ; 50                          ;
;     ENA SCLR          ; 1                           ;
;     ENA SLD           ; 32                          ;
;     plain             ; 10                          ;
; arriav_lcell_comb     ; 461                         ;
;     arith             ; 34                          ;
;         0 data inputs ; 1                           ;
;         1 data inputs ; 7                           ;
;         2 data inputs ; 5                           ;
;         3 data inputs ; 1                           ;
;         4 data inputs ; 13                          ;
;         5 data inputs ; 7                           ;
;     extend            ; 10                          ;
;         7 data inputs ; 10                          ;
;     normal            ; 417                         ;
;         1 data inputs ; 1                           ;
;         2 data inputs ; 56                          ;
;         3 data inputs ; 50                          ;
;         4 data inputs ; 78                          ;
;         5 data inputs ; 111                         ;
;         6 data inputs ; 121                         ;
; boundary_port         ; 38                          ;
;                       ;                             ;
; Max LUT depth         ; 9.80                        ;
; Average LUT depth     ; 5.92                        ;
+-----------------------+-----------------------------+


+-------------------------------+
; Elapsed Time Per Partition    ;
+----------------+--------------+
; Partition Name ; Elapsed Time ;
+----------------+--------------+
; Top            ; 00:00:01     ;
+----------------+--------------+


+-------------------------------+
; Analysis & Synthesis Messages ;
+-------------------------------+
Info: *******************************************************************
Info: Running Quartus Prime Analysis & Synthesis
    Info: Version 22.1std.0 Build 915 10/25/2022 SC Lite Edition
    Info: Processing started: Sat Dec 17 14:35:40 2022
Info: Command: quartus_map --read_settings_files=on --write_settings_files=off 6502 -c cpu
Warning (18236): Number of processors has not been specified which may cause overloading on shared machines.  Set the global assignment NUM_PARALLEL_PROCESSORS in your QSF to an appropriate value for best performance.
Info (20030): Parallel compilation is enabled and will use 3 of the 3 processors detected
Info (12021): Found 1 design units, including 1 entities, in source file cpu.v
    Info (12023): Found entity 1: cpu File: /home/lupin3se/intelFPGA_lite/22.1std/6502/cpu.v Line: 21
Info (12021): Found 1 design units, including 1 entities, in source file alu.v
    Info (12023): Found entity 1: ALU File: /home/lupin3se/intelFPGA_lite/22.1std/6502/alu.v Line: 20
Info (12127): Elaborating entity "cpu" for the top level hierarchy
Warning (10036): Verilog HDL or VHDL warning at cpu.v(148): object "brk" assigned a value but never read File: /home/lupin3se/intelFPGA_lite/22.1std/6502/cpu.v Line: 148
Info (10264): Verilog HDL Case Statement information at cpu.v(297): all case item expressions in this case statement are onehot File: /home/lupin3se/intelFPGA_lite/22.1std/6502/cpu.v Line: 297
Info (10264): Verilog HDL Case Statement information at cpu.v(324): all case item expressions in this case statement are onehot File: /home/lupin3se/intelFPGA_lite/22.1std/6502/cpu.v Line: 324
Info (10264): Verilog HDL Case Statement information at cpu.v(362): all case item expressions in this case statement are onehot File: /home/lupin3se/intelFPGA_lite/22.1std/6502/cpu.v Line: 362
Info (10264): Verilog HDL Case Statement information at cpu.v(425): all case item expressions in this case statement are onehot File: /home/lupin3se/intelFPGA_lite/22.1std/6502/cpu.v Line: 425
Info (10264): Verilog HDL Case Statement information at cpu.v(446): all case item expressions in this case statement are onehot File: /home/lupin3se/intelFPGA_lite/22.1std/6502/cpu.v Line: 446
Info (10264): Verilog HDL Case Statement information at cpu.v(474): all case item expressions in this case statement are onehot File: /home/lupin3se/intelFPGA_lite/22.1std/6502/cpu.v Line: 474
Info (10264): Verilog HDL Case Statement information at cpu.v(541): all case item expressions in this case statement are onehot File: /home/lupin3se/intelFPGA_lite/22.1std/6502/cpu.v Line: 541
Info (10264): Verilog HDL Case Statement information at cpu.v(589): all case item expressions in this case statement are onehot File: /home/lupin3se/intelFPGA_lite/22.1std/6502/cpu.v Line: 589
Warning (10230): Verilog HDL assignment warning at cpu.v(661): truncated value with size 32 to match size of target (8) File: /home/lupin3se/intelFPGA_lite/22.1std/6502/cpu.v Line: 661
Info (10264): Verilog HDL Case Statement information at cpu.v(633): all case item expressions in this case statement are onehot File: /home/lupin3se/intelFPGA_lite/22.1std/6502/cpu.v Line: 633
Info (10264): Verilog HDL Case Statement information at cpu.v(675): all case item expressions in this case statement are onehot File: /home/lupin3se/intelFPGA_lite/22.1std/6502/cpu.v Line: 675
Warning (10230): Verilog HDL assignment warning at cpu.v(717): truncated value with size 32 to match size of target (1) File: /home/lupin3se/intelFPGA_lite/22.1std/6502/cpu.v Line: 717
Warning (10230): Verilog HDL assignment warning at cpu.v(720): truncated value with size 32 to match size of target (1) File: /home/lupin3se/intelFPGA_lite/22.1std/6502/cpu.v Line: 720
Info (10264): Verilog HDL Case Statement information at cpu.v(708): all case item expressions in this case statement are onehot File: /home/lupin3se/intelFPGA_lite/22.1std/6502/cpu.v Line: 708
Info (12128): Elaborating entity "ALU" for hierarchy "ALU:ALU" File: /home/lupin3se/intelFPGA_lite/22.1std/6502/cpu.v Line: 582
Warning (10230): Verilog HDL assignment warning at alu.v(50): truncated value with size 32 to match size of target (1) File: /home/lupin3se/intelFPGA_lite/22.1std/6502/alu.v Line: 50
Warning (10230): Verilog HDL assignment warning at alu.v(73): truncated value with size 9 to match size of target (8) File: /home/lupin3se/intelFPGA_lite/22.1std/6502/alu.v Line: 73
Info (276014): Found 1 instances of uninferred RAM logic
    Info (276004): RAM logic "AXYS" is uninferred due to inappropriate RAM size File: /home/lupin3se/intelFPGA_lite/22.1std/6502/cpu.v Line: 49
Info (286030): Timing-Driven Synthesis is running
Info (17049): 6 registers lost all their fanouts during netlist optimizations.
Info (16010): Generating hard_block partition "hard_block:auto_generated_inst"
    Info (16011): Adding 0 node(s), including 0 DDIO, 0 PLL, 0 transceiver and 0 LCELL
Info (21057): Implemented 603 device resources after synthesis - the final resource count might be different
    Info (21058): Implemented 13 input pins
    Info (21059): Implemented 25 output pins
    Info (21061): Implemented 565 logic cells
Info: Quartus Prime Analysis & Synthesis was successful. 0 errors, 7 warnings
    Info: Peak virtual memory: 455 megabytes
    Info: Processing ended: Sat Dec 17 14:35:47 2022
    Info: Elapsed time: 00:00:07
    Info: Total CPU time (on all processors): 00:00:11


